// Jest Snapshot v1, https://goo.gl/fbAQLP

exports[`<Button/> Should render the medium size by default 1`] = `
.c0 {
  background: linear-gradient(180deg, #ff5f5f 0%, #f062f0 50%);
  color: #FAFAFA;
  border: none;
  border-radius: 0.4rem;
  padding: 0.8rem;
  cursor: pointer;
  transition: opacity 0.2s ease;
  height: 4rem;
  font-size: 1.4rem;
  padding: 0.8rem 3.2rem;
}

.c0:hover {
  background: linear-gradient(180deg, #e35565 0%, #d958a6 50%);
}

.c0:active {
  opacity: 0.5;
}

<button
  class="c0"
>
  <span>
    Buy Now
  </span>
</button>
`;
